2026-07-26 14:27:31.201 | INFO     | __main__:<module>:9 - N100 Project Started
2026-07-26 14:27:40.877 | INFO     | __main__:<module>:9 - N100 Project Started
2026-07-26 14:27:52.017 | INFO     | __main__:<module>:9 - N100 Project Started
2026-07-26 14:29:44.691 | INFO     | __main__:<module>:9 - Loader Started
2026-07-26 14:34:41.801 | INFO     | __main__:<module>:9 - Loader Started
2026-07-26 14:59:04.595 | INFO     | __main__:main:31 - Loaded analysis.xlsx (1288 rows)
2026-07-26 14:59:04.614 | INFO     | __main__:main:31 - Loaded balancesheet.xlsx (1288 rows)
2026-07-26 14:59:04.632 | INFO     | __main__:main:31 - Loaded cashflow.xlsx (1288 rows)
2026-07-26 14:59:04.636 | INFO     | __main__:main:31 - Loaded companies.xlsx (92 rows)
2026-07-26 14:59:04.638 | INFO     | __main__:main:31 - Loaded documents.xlsx (92 rows)
2026-07-26 14:59:04.658 | INFO     | __main__:main:31 - Loaded financial_ratios.xlsx (1288 rows)
2026-07-26 14:59:04.661 | INFO     | __main__:main:31 - Loaded market_cap.xlsx (92 rows)
2026-07-26 14:59:04.664 | INFO     | __main__:main:31 - Loaded peer_groups.xlsx (92 rows)
2026-07-26 14:59:04.683 | INFO     | __main__:main:31 - Loaded profitandloss.xlsx (1288 rows)
2026-07-26 14:59:04.687 | INFO     | __main__:main:31 - Loaded prosandcons.xlsx (92 rows)
2026-07-26 14:59:04.688 | INFO     | __main__:main:31 - Loaded sectors.xlsx (8 rows)
2026-07-26 14:59:04.752 | INFO     | __main__:main:31 - Loaded stock_prices.xlsx (5520 rows)
2026-07-26 14:59:12.220 | INFO     | __main__:main:31 - Loaded analysis.xlsx (1288 rows)
2026-07-26 14:59:12.239 | INFO     | __main__:main:31 - Loaded balancesheet.xlsx (1288 rows)
2026-07-26 14:59:12.257 | INFO     | __main__:main:31 - Loaded cashflow.xlsx (1288 rows)
2026-07-26 14:59:12.261 | INFO     | __main__:main:31 - Loaded companies.xlsx (92 rows)
2026-07-26 14:59:12.264 | INFO     | __main__:main:31 - Loaded documents.xlsx (92 rows)
2026-07-26 14:59:12.283 | INFO     | __main__:main:31 - Loaded financial_ratios.xlsx (1288 rows)
2026-07-26 14:59:12.286 | INFO     | __main__:main:31 - Loaded market_cap.xlsx (92 rows)
2026-07-26 14:59:12.289 | INFO     | __main__:main:31 - Loaded peer_groups.xlsx (92 rows)
2026-07-26 14:59:12.307 | INFO     | __main__:main:31 - Loaded profitandloss.xlsx (1288 rows)
2026-07-26 14:59:12.311 | INFO     | __main__:main:31 - Loaded prosandcons.xlsx (92 rows)
2026-07-26 14:59:12.312 | INFO     | __main__:main:31 - Loaded sectors.xlsx (8 rows)
2026-07-26 14:59:12.376 | INFO     | __main__:main:31 - Loaded stock_prices.xlsx (5520 rows)
2026-07-26 15:01:50.572 | INFO     | __main__:main:31 - Loaded analysis.xlsx (1288 rows)
2026-07-26 15:01:50.590 | INFO     | __main__:main:31 - Loaded balancesheet.xlsx (1288 rows)
2026-07-26 15:01:50.609 | INFO     | __main__:main:31 - Loaded cashflow.xlsx (1288 rows)
2026-07-26 15:01:50.613 | INFO     | __main__:main:31 - Loaded companies.xlsx (92 rows)
2026-07-26 15:01:50.615 | INFO     | __main__:main:31 - Loaded documents.xlsx (92 rows)
2026-07-26 15:01:50.634 | INFO     | __main__:main:31 - Loaded financial_ratios.xlsx (1288 rows)
2026-07-26 15:01:50.637 | INFO     | __main__:main:31 - Loaded market_cap.xlsx (92 rows)
2026-07-26 15:01:50.639 | INFO     | __main__:main:31 - Loaded peer_groups.xlsx (92 rows)
2026-07-26 15:01:50.657 | INFO     | __main__:main:31 - Loaded profitandloss.xlsx (1288 rows)
2026-07-26 15:01:50.661 | INFO     | __main__:main:31 - Loaded prosandcons.xlsx (92 rows)
2026-07-26 15:01:50.662 | INFO     | __main__:main:31 - Loaded sectors.xlsx (8 rows)
2026-07-26 15:01:50.726 | INFO     | __main__:main:31 - Loaded stock_prices.xlsx (5520 rows)
2026-07-26 15:10:17.666 | INFO     | __main__:main:38 - Loaded analysis.xlsx (1288 rows)
2026-07-26 15:10:17.685 | INFO     | __main__:main:38 - Loaded balancesheet.xlsx (1288 rows)
2026-07-26 15:10:17.705 | INFO     | __main__:main:38 - Loaded cashflow.xlsx (1288 rows)
2026-07-26 15:10:17.709 | INFO     | __main__:main:38 - Loaded companies.xlsx (92 rows)
2026-07-26 15:10:17.711 | INFO     | __main__:main:38 - Loaded documents.xlsx (92 rows)
2026-07-26 15:10:17.731 | INFO     | __main__:main:38 - Loaded financial_ratios.xlsx (1288 rows)
2026-07-26 15:10:17.733 | INFO     | __main__:main:38 - Loaded market_cap.xlsx (92 rows)
2026-07-26 15:10:17.737 | INFO     | __main__:main:38 - Loaded peer_groups.xlsx (92 rows)
2026-07-26 15:10:17.755 | INFO     | __main__:main:38 - Loaded profitandloss.xlsx (1288 rows)
2026-07-26 15:10:17.758 | INFO     | __main__:main:38 - Loaded prosandcons.xlsx (92 rows)
2026-07-26 15:10:17.760 | INFO     | __main__:main:38 - Loaded sectors.xlsx (8 rows)
2026-07-26 15:10:17.824 | INFO     | __main__:main:38 - Loaded stock_prices.xlsx (5520 rows)
